// Jest Snapshot v1, https://goo.gl/fbAQLP

exports[`matches snapshot 1`] = `
<DocumentFragment>
  <div
    class="App"
  >
    <div>
      <nav
        class="Nav navbar navbar-expand-md"
      >
        <a
          class="navbar-brand"
          href="/"
        >
          Jobly
        </a>
        <ul
          class="navbar-nav ml-auto"
        >
          <li
            class="nav-item mr-4"
          >
            <a
              href="/login"
            >
              Login
            </a>
          </li>
        </ul>
      </nav>
    </div>
    <div
      class="Home"
    >
      <h1>
        Jobly
      </h1>
      <p>
        All the jobs, in one convenient place.
      </p>
      <a
        class="btn btn-primary"
        href="/login"
      >
        Login
      </a>
    </div>
  </div>
</DocumentFragment>
`;
